
<h1>Uploader – 1.0beta2</h1>
<div>
  <h2>System check</h2>
  <p class="xh_success">Checking that PHP version ≥ 7.1.0 … okay</p>
  <p class="xh_success">Checking that the PHP extension 'json' is loaded … okay</p>
  <p class="xh_success">Checking that CMSimple_XH version ≥ 1.7.0 … okay</p>
  <p class="xh_success">Checking that the CMSimple_XH plugin 'jquery' is installed … okay</p>
  <p class="xh_success">Checking that '../uploader/config/' is writable … okay</p>
  <p class="xh_success">Checking that '../uploader/css/' is writable … okay</p>
  <p class="xh_success">Checking that '../uploader/languages/' is writable … okay</p>
</div>
