
<h1>Uploader 1.0</h1>
<div>
  <h2>System check</h2>
  <p class="xh_success">Checking that PHP version ≥ 7.1.0 … okay</p>
  <p class="xh_success">Checking that CMSimple_XH version ≥ 1.7.0 … okay</p>
  <p class="xh_success">Checking that Plib_XH version ≥ 1.5 … okay</p>
  <p class="xh_success">Checking that the CMSimple_XH plugin 'jquery' is installed … okay</p>
  <p class="xh_success">Checking that './plugins/uploader/config/' is writable … okay</p>
  <p class="xh_success">Checking that './plugins/uploader/css/' is writable … okay</p>
  <p class="xh_success">Checking that './plugins/uploader/languages/' is writable … okay</p>
</div>
