
<script type="module" src="/lib/plupload.full.min.js?&amp;v=2.3.9"></script>
<script type="module" src="/uploader.js?&amp;v=1.0beta2"></script>
<div class="uploader_placeholder" data-serial="1"></div>
