
<div class="uploader_widget" data-config='{"url":"/?&uploader_action=upload&uploader_serial=1&uploader_type=images&uploader_subdir=%2F&uploader_resize","filters":{"max_file_size":"20000000b","mime_types":[{"title":"Images","extensions":"jpg,gif,png"}]},"flash_swf_url":"./lib/Moxie.swf","silverlight_xap_url":"./lib/Moxie.xap","file_data_name":"uploader_file","chunk_size":"2mb"}'>
  <div class="uploader_controls">
    <select class="uploader_type" title="Type" data-url="/?&amp;uploader_action=widget&amp;uploader_serial=1&amp;uploader_type=FIXME&amp;uploader_subdir=%2F&amp;uploader_resize">
      <option value="images" selected>images</option>
      <option value="downloads" >downloads</option>
      <option value="media" >media</option>
      <option value="userfiles" >userfiles</option>
    </select>
    <select class="uploader_subdir" title="Sub-Folder" data-url="/?&amp;uploader_action=widget&amp;uploader_serial=1&amp;uploader_type=images&amp;uploader_subdir=FIXME&amp;uploader_resize">
      <option value="/" selected>/</option>
    </select>
    <select class="uploader_resize" title="Resize" data-url="/?&amp;uploader_action=widget&amp;uploader_serial=1&amp;uploader_type=images&amp;uploader_subdir=%2F&amp;uploader_resize=FIXME">
      <option value="" selected></option>
      <option value="small" >small</option>
      <option value="medium" >medium</option>
      <option value="large" >large</option>
    </select>
  </div>
  <table class="uploader_filelist">
    <tr>
      <th class="uploader_filename">Filename</th>
      <th class="uploader_size">Size</th>
      <th class="uploader_progress">State</th>
      <th></th>
    </tr>
    <tr class="uploader_row_template">
      <td class="uploader_filename"></td>
      <td class="uploader_size"></td>
      <td class="uploader_progress"></td>
      <td><button class="uploader_remove">Remove</button></td>
    </tr>
  </table>
  <div class="uploader_buttons">
    <button class="uploader_pickfiles">Select files</button>
    <button class="uploader_uploadfiles">Upload files</button>
  </div>
</div>
